
Linker Version 8.7.7.190806
Input Object File: c:\users\992852\documents\github\my_project\q1\Q1.OBJ
Input Object File: c:\users\992852\documents\github\my_project\q1\STARTUP1.OBJ

Input Library File: C:\Program Files\Holtek MCU Development Tools\HT-IDE3000V8.x\LIB\LIBHOLTEKGCC.LIB
Input Library File: C:\Program Files\Holtek MCU Development Tools\HT-IDE3000V8.x\LIB\v3_mrsc.lib


     Bank    Start     End      Length     Class    AvgIns    Name
     00h     0000h     0000h    0001h      CODE               @code (c:\users\992852\documents\github\my_project\q1\Q1.OBJ)
     00h     0008h     000bh    0004h      CODE               @TB0_ISR_code (c:\users\992852\documents\github\my_project\q1\Q1.OBJ)
     00h     000ch     000dh    0002h      CODE               @ROMDATA_BASE (c:\users\992852\documents\github\my_project\q1\STARTUP1.OBJ)
     00h     0010h     0013h    0004h      CODE               @Timer_ISR_code (c:\users\992852\documents\github\my_project\q1\Q1.OBJ)
     00h     0018h     001bh    0004h      CODE               @ADC_ISR_code (c:\users\992852\documents\github\my_project\q1\Q1.OBJ)
     00h     001ch     0040h    0025h      CODE               @start (c:\users\992852\documents\github\my_project\q1\Q1.OBJ)
     00h     0041h     00b4h    0074h      CODE               _main (c:\users\992852\documents\github\my_project\q1\Q1.OBJ)
     00h     00b5h     00e9h    0035h      CODE               _TB0_ISR (c:\users\992852\documents\github\my_project\q1\Q1.OBJ)
     00h     00eah     00fah    0011h      CODE               _Timer_ISR (c:\users\992852\documents\github\my_project\q1\Q1.OBJ)
     00h     00fbh     0115h    001bh      CODE               _ADC_ISR (c:\users\992852\documents\github\my_project\q1\Q1.OBJ)
     00h     0040h     0047h    0008h      DATA     5.75      @HCCINIT0 (c:\users\992852\documents\github\my_project\q1\Q1.OBJ)
     00h     0048h     0048h    0001h      DATA     0         @HCCINIT (c:\users\992852\documents\github\my_project\q1\STARTUP1.OBJ)
     00h     0049h     0049h    0001h      DATA     3         @data_ra (C:\Program Files\Holtek MCU Development Tools\HT-IDE3000V8.x\LIB\LIBHOLTEKGCC.LIB)
     00h     004ah     004ah    0001h      DATA     2         @data_r108 (isr:ra~rh)
     00h     004bh     004bh    0001h      DATA     2         @data_r208 (isr:ra~rh)
     00h     004ch     004ch    0001h      DATA     3         @data_rd08 (isr:ra~rh)
     00h     004dh     004dh    0001h      DATA     2         @data_re08 (isr:ra~rh)
     00h     004eh     004eh    0001h      DATA     5         @data_rb08 (isr:ra~rh)
     00h     004fh     004fh    0001h      DATA     5         @data_rc08 (isr:ra~rh)
     00h     0050h     0050h    0001h      DATA     2         @data_r110 (isr:ra~rh)
     00h     0051h     0051h    0001h      DATA     2         @data_r210 (isr:ra~rh)
     00h     0052h     0052h    0001h      DATA     2         @data_r118 (isr:ra~rh)
     00h     0053h     0053h    0001h      DATA     2         @data_r218 (isr:ra~rh)
     00h     0054h     0054h    0001h      DATA     2         @data_rc18 (isr:ra~rh)
     00h     0055h     0055h    0001h      DATA     3         @data_rb18 (isr:ra~rh)

     Local Sections

     Bank    Start     End      Length     Class    AvgIns    Name
     00h     0056h     0056h    0000h      LOCAL    0         @dummy (c:\users\992852\documents\github\my_project\q1\Q1.OBJ)
     00h     0056h     0056h    0000h      LOCAL    0         _main (c:\users\992852\documents\github\my_project\q1\Q1.OBJ)
     00h     0056h     0056h    0000h      LOCAL    0         @dummy8 (c:\users\992852\documents\github\my_project\q1\Q1.OBJ)
     00h     0056h     0056h    0000h      LOCAL    0         _TB0_ISR (c:\users\992852\documents\github\my_project\q1\Q1.OBJ)
     00h     0056h     0056h    0000h      LOCAL    0         @dummy16 (c:\users\992852\documents\github\my_project\q1\Q1.OBJ)
     00h     0056h     0056h    0000h      LOCAL    0         _Timer_ISR (c:\users\992852\documents\github\my_project\q1\Q1.OBJ)
     00h     0056h     0056h    0000h      LOCAL    0         @dummy24 (c:\users\992852\documents\github\my_project\q1\Q1.OBJ)
     00h     0056h     0056h    0000h      LOCAL    0         _ADC_ISR (c:\users\992852\documents\github\my_project\q1\Q1.OBJ)

     Public Symbols Information
     Address            Public by Name
     00fbh              _ADC_ISR
     00b5h              _TB0_ISR
     00eah              _Timer_ISR
     0041h              _main
     001ch              _main_startup
     004ah              r108
     0050h              r110
     0052h              r118
     004bh              r208
     0051h              r210
     0053h              r218
     0049h              ra
     004eh              rb08
     0055h              rb18
     004fh              rc08
     0054h              rc18
     004ch              rd08
     004dh              re08

     Address            Public by Value
     001ch              _main_startup
     0041h              _main
     0049h              ra
     004ah              r108
     004bh              r208
     004ch              rd08
     004dh              re08
     004eh              rb08
     004fh              rc08
     0050h              r110
     0051h              r210
     0052h              r118
     0053h              r218
     0054h              rc18
     0055h              rb18
     00b5h              _TB0_ISR
     00eah              _Timer_ISR
     00fbh              _ADC_ISR


ROM Usage Statistics
     Size      Used     Percentage
     0800h     0109h    12%

RAM Usage Statistics
    Bank      Size      Used     Percentage
     00h       0060h     0016h    22%
     Total     0060h     0016h    22%

Use Stack Count
_main: 0
_TB0_ISR: 0
_Timer_ISR: 0
_ADC_ISR: 0

Call Tree
    @dummy
        _main (0)
    @dummy8
        _TB0_ISR (0)
    @dummy16
        _Timer_ISR (0)
    @dummy24
        _ADC_ISR (0)

HLINK: Program entry point at section '@code' (address 0) of file 'c:\users\992852\documents\github\my_project\q1\Q1.OBJ'

Total 0 error(s), Total 0 Warning(s)
