
Linker Version 8.7.5.171218
Input Object File: G:\ALTIUM\q1\q1\Q1.OBJ
Input Object File: G:\ALTIUM\q1\q1\STARTUP1.OBJ

Input Library File: C:\Program Files\Holtek MCU Development Tools\HT-IDE3000V7.x\LIB\LIBHOLTEKGCC.LIB
Input Library File: C:\Program Files\Holtek MCU Development Tools\HT-IDE3000V7.x\LIB\v3_mrsc.lib


     Bank    Start     End      Length     Class    AvgIns    Name
     00h     0000h     0000h    0001h      CODE               @code (G:\ALTIUM\q1\q1\Q1.OBJ)
     00h     0008h     000bh    0004h      CODE               @TB0_ISR_code (G:\ALTIUM\q1\q1\Q1.OBJ)
     00h     000ch     000dh    0002h      CODE               @ROMDATA_BASE (G:\ALTIUM\q1\q1\STARTUP1.OBJ)
     00h     0010h     0013h    0004h      CODE               @Timer_ISR_code (G:\ALTIUM\q1\q1\Q1.OBJ)
     00h     0018h     001bh    0004h      CODE               @ADC_ISR_code (G:\ALTIUM\q1\q1\Q1.OBJ)
     00h     001ch     0040h    0025h      CODE               @start (G:\ALTIUM\q1\q1\Q1.OBJ)
     00h     0041h     00bdh    007dh      CODE               _main (G:\ALTIUM\q1\q1\Q1.OBJ)
     00h     00beh     00f3h    0036h      CODE               _TB0_ISR (G:\ALTIUM\q1\q1\Q1.OBJ)
     00h     00f4h     0104h    0011h      CODE               _Timer_ISR (G:\ALTIUM\q1\q1\Q1.OBJ)
     00h     0105h     0124h    0020h      CODE               _ADC_ISR (G:\ALTIUM\q1\q1\Q1.OBJ)
     00h     0040h     0049h    000ah      DATA     4.8       @HCCINIT0 (G:\ALTIUM\q1\q1\Q1.OBJ)
     00h     004ah     004ah    0001h      DATA     0         @HCCINIT (G:\ALTIUM\q1\q1\STARTUP1.OBJ)
     00h     004bh     004bh    0001h      DATA     3         @data_ra (C:\Program Files\Holtek MCU Development Tools\HT-IDE3000V7.x\LIB\LIBHOLTEKGCC.LIB)
     00h     004ch     004ch    0001h      DATA     2         @data_r108 (isr:ra~rh)
     00h     004dh     004dh    0001h      DATA     2         @data_r208 (isr:ra~rh)
     00h     004eh     004eh    0001h      DATA     3         @data_rd08 (isr:ra~rh)
     00h     004fh     004fh    0001h      DATA     2         @data_re08 (isr:ra~rh)
     00h     0050h     0050h    0001h      DATA     5         @data_rb08 (isr:ra~rh)
     00h     0051h     0051h    0001h      DATA     5         @data_rc08 (isr:ra~rh)
     00h     0052h     0052h    0001h      DATA     2         @data_r110 (isr:ra~rh)
     00h     0053h     0053h    0001h      DATA     2         @data_r210 (isr:ra~rh)
     00h     0054h     0054h    0001h      DATA     2         @data_r118 (isr:ra~rh)
     00h     0055h     0055h    0001h      DATA     2         @data_r218 (isr:ra~rh)
     00h     0056h     0056h    0001h      DATA     3         @data_rc18 (isr:ra~rh)
     00h     0057h     0057h    0001h      DATA     5         @data_rb18 (isr:ra~rh)

     Local Sections

     Bank    Start     End      Length     Class    AvgIns    Name
     00h     0058h     0058h    0000h      LOCAL    0         @dummy (G:\ALTIUM\q1\q1\Q1.OBJ)
     00h     0058h     0058h    0000h      LOCAL    0         _main (G:\ALTIUM\q1\q1\Q1.OBJ)
     00h     0058h     0058h    0000h      LOCAL    0         @dummy8 (G:\ALTIUM\q1\q1\Q1.OBJ)
     00h     0058h     0058h    0000h      LOCAL    0         _TB0_ISR (G:\ALTIUM\q1\q1\Q1.OBJ)
     00h     0058h     0058h    0000h      LOCAL    0         @dummy16 (G:\ALTIUM\q1\q1\Q1.OBJ)
     00h     0058h     0058h    0000h      LOCAL    0         _Timer_ISR (G:\ALTIUM\q1\q1\Q1.OBJ)
     00h     0058h     0058h    0000h      LOCAL    0         @dummy24 (G:\ALTIUM\q1\q1\Q1.OBJ)
     00h     0058h     0058h    0000h      LOCAL    0         _ADC_ISR (G:\ALTIUM\q1\q1\Q1.OBJ)

     Public Symbols Information
     Address            Public by Name
     0105h              _ADC_ISR
     00beh              _TB0_ISR
     00f4h              _Timer_ISR
     0041h              _main
     001ch              _main_startup
     004ch              r108
     0052h              r110
     0054h              r118
     004dh              r208
     0053h              r210
     0055h              r218
     004bh              ra
     0050h              rb08
     0057h              rb18
     0051h              rc08
     0056h              rc18
     004eh              rd08
     004fh              re08

     Address            Public by Value
     001ch              _main_startup
     0041h              _main
     004bh              ra
     004ch              r108
     004dh              r208
     004eh              rd08
     004fh              re08
     0050h              rb08
     0051h              rc08
     0052h              r110
     0053h              r210
     0054h              r118
     0055h              r218
     0056h              rc18
     0057h              rb18
     00beh              _TB0_ISR
     00f4h              _Timer_ISR
     0105h              _ADC_ISR


ROM Usage Statistics
     Size      Used     Percentage
     0800h     0118h    13%

RAM Usage Statistics
    Bank      Size      Used     Percentage
     00h       0060h     0018h    25%
     Total     0060h     0018h    25%

Use Stack Count
_main: 0
_TB0_ISR: 0
_Timer_ISR: 0
_ADC_ISR: 0

Call Tree
    @dummy
        _main (0)
    @dummy8
        _TB0_ISR (0)
    @dummy16
        _Timer_ISR (0)
    @dummy24
        _ADC_ISR (0)

HLINK: Program entry point at section '@code' (address 0) of file 'G:\ALTIUM\q1\q1\Q1.OBJ'

Total 0 error(s), Total 0 Warning(s)
